[   34943ms] [ERROR] Failed to load resource: the server responded with a status of 404 () @ https://allamaiqbal.org/bal-e-jibril/dua/:0
[   35747ms] [ERROR] Failed to load resource: the server responded with a status of 404 () @ https://allamaiqbal.org/bal-e-jibril/masjid-e-qurtuba/:0
[   36708ms] [ERROR] Failed to load resource: the server responded with a status of 404 () @ https://allamaiqbal.org/bal-e-jibril/saqi-nama/:0
[   37676ms] [ERROR] Failed to load resource: the server responded with a status of 404 () @ https://allamaiqbal.org/bal-e-jibril/jibreel-o-iblees/:0
[   38648ms] [ERROR] Failed to load resource: the server responded with a status of 404 () @ https://allamaiqbal.org/bal-e-jibril/azaan/:0
[   39528ms] [ERROR] Failed to load resource: the server responded with a status of 404 () @ https://allamaiqbal.org/bal-e-jibril/peer-o-mureed/:0
[   40416ms] [ERROR] Failed to load resource: the server responded with a status of 404 () @ https://allamaiqbal.org/bal-e-jibril/shaheen/:0
[   41579ms] [ERROR] Failed to load resource: the server responded with a status of 404 () @ https://allamaiqbal.org/bal-e-jibril/cinema/:0
[   42617ms] [ERROR] Failed to load resource: the server responded with a status of 404 () @ https://allamaiqbal.org/bal-e-jibril/parwaz/:0
[   43732ms] [ERROR] Failed to load resource: the server responded with a status of 404 () @ https://allamaiqbal.org/bal-e-jibril/haal-o-maqam/:0
[   44587ms] [ERROR] Failed to load resource: the server responded with a status of 404 () @ https://allamaiqbal.org/bal-e-jibril/iblees-ki-arzdasht/:0
[   45643ms] [ERROR] Failed to load resource: the server responded with a status of 404 () @ https://allamaiqbal.org/bal-e-jibril/javed-ke-naam/:0
[   46732ms] [ERROR] Failed to load resource: the server responded with a status of 404 () @ https://allamaiqbal.org/bal-e-jibril/mullah-aur-bahisht/:0
[   47803ms] [ERROR] Failed to load resource: the server responded with a status of 404 () @ https://allamaiqbal.org/bal-e-jibril/deen-o-siasat/:0
[   48921ms] [ERROR] Failed to load resource: the server responded with a status of 404 () @ https://allamaiqbal.org/bal-e-jibril/farishton-ka-geet/:0
[   49896ms] [ERROR] Failed to load resource: the server responded with a status of 404 () @ https://allamaiqbal.org/bal-e-jibril/ferman-e-khuda-farishton-se/:0
[   50820ms] [ERROR] Failed to load resource: the server responded with a status of 404 () @ https://allamaiqbal.org/bal-e-jibril/zauq-o-shauq/:0
[   51601ms] [ERROR] Failed to load resource: the server responded with a status of 404 () @ https://allamaiqbal.org/bal-e-jibril/parwana-aur-juggnu/:0
[   52478ms] [ERROR] Failed to load resource: the server responded with a status of 404 () @ https://allamaiqbal.org/bal-e-jibril/gadai/:0
[   53315ms] [ERROR] Failed to load resource: the server responded with a status of 404 () @ https://allamaiqbal.org/bal-e-jibril/lalaay-sehra/:0
